conda env: skqd
preflight: 16 modules imported in 15.74 s (env skqd; threadpoolctl 3.7.0)
[    0.0 s] C4_FCELLS_A: device GPU (available ['CPU', 'GPU']), budget 50.0 min, shots x 1.0, chunk <= 476, s0 34000000
/global/homes/d/digonto/.conda/envs/skqd/lib/python3.12/site-packages/qiskit/qpy/interface.py:346: UserWarning: The qiskit version used to generate the provided QPY file, 2.5.2, is newer than the current qiskit version 1.4.3. This may result in an error if the QPY file uses instructions not present in this current qiskit version
  warnings.warn(
/global/homes/d/digonto/.conda/envs/skqd/lib/python3.12/site-packages/qiskit/qpy/interface.py:346: UserWarning: The qiskit version used to generate the provided QPY file, 2.5.2, is newer than the current qiskit version 1.4.3. This may result in an error if the QPY file uses instructions not present in this current qiskit version
  warnings.warn(
[  788.6 s] C4_FCELLS_A: cell E1|NAT-O0: f_hit 0.23122450346022652, hits {'B0_ref25_k1': 188, 'B1_ref57_k1': 150, 'B0_ref25_k4': 8, 'B1_ref57_k4': 7}, complete True
/global/homes/d/digonto/.conda/envs/skqd/lib/python3.12/site-packages/qiskit/qpy/interface.py:346: UserWarning: The qiskit version used to generate the provided QPY file, 2.5.2, is newer than the current qiskit version 1.4.3. This may result in an error if the QPY file uses instructions not present in this current qiskit version
  warnings.warn(
[  847.2 s] C4_FCELLS_A: cell E2|NAT-O0: f_hit 0.26748176383768457, hits {'B0_ref25_k1': 204, 'B1_ref57_k1': 187, 'B0_ref25_k4': 9, 'B1_ref57_k4': 12}, complete True
/global/homes/d/digonto/.conda/envs/skqd/lib/python3.12/site-packages/qiskit/qpy/interface.py:346: UserWarning: The qiskit version used to generate the provided QPY file, 2.5.2, is newer than the current qiskit version 1.4.3. This may result in an error if the QPY file uses instructions not present in this current qiskit version
  warnings.warn(
[ 1000.2 s] C4_FCELLS_A: cell E3|NAT-O0: f_hit 0.11355943204658915, hits {'B0_ref25_k1': 87, 'B1_ref57_k1': 79, 'B0_ref25_k4': 2, 'B1_ref57_k4': 1}, complete True
/global/homes/d/digonto/.conda/envs/skqd/lib/python3.12/site-packages/qiskit/qpy/interface.py:346: UserWarning: The qiskit version used to generate the provided QPY file, 2.5.2, is newer than the current qiskit version 1.4.3. This may result in an error if the QPY file uses instructions not present in this current qiskit version
  warnings.warn(
[ 1154.9 s] C4_FCELLS_A: cell E4|NAT-O0: f_hit 0.25516797729439694, hits {'B0_ref25_k1': 185, 'B1_ref57_k1': 188, 'B0_ref25_k4': 10, 'B1_ref57_k4': 12}, complete True
/global/homes/d/digonto/.conda/envs/skqd/lib/python3.12/site-packages/qiskit/qpy/interface.py:346: UserWarning: The qiskit version used to generate the provided QPY file, 2.5.2, is newer than the current qiskit version 1.4.3. This may result in an error if the QPY file uses instructions not present in this current qiskit version
  warnings.warn(
[ 1459.7 s] C4_FCELLS_A: cell E5a|NAT-O0: f_hit 0.23532909897465573, hits {'B0_ref25_k1': 159, 'B1_ref57_k1': 185, 'B0_ref25_k4': 13, 'B1_ref57_k4': 11}, complete True
/global/homes/d/digonto/.conda/envs/skqd/lib/python3.12/site-packages/qiskit/qpy/interface.py:346: UserWarning: The qiskit version used to generate the provided QPY file, 2.5.2, is newer than the current qiskit version 1.4.3. This may result in an error if the QPY file uses instructions not present in this current qiskit version
  warnings.warn(
[ 1764.5 s] C4_FCELLS_A: cell E5b|NAT-O0: f_hit 0.24422238925591905, hits {'B0_ref25_k1': 184, 'B1_ref57_k1': 173, 'B0_ref25_k4': 9, 'B1_ref57_k4': 11}, complete True
/global/homes/d/digonto/.conda/envs/skqd/lib/python3.12/site-packages/qiskit/qpy/interface.py:346: UserWarning: The qiskit version used to generate the provided QPY file, 2.5.2, is newer than the current qiskit version 1.4.3. This may result in an error if the QPY file uses instructions not present in this current qiskit version
  warnings.warn(
[ 2069.1 s] C4_FCELLS_A: cell E5c|NAT-O0: f_hit 0.21617431990731942, hits {'B0_ref25_k1': 169, 'B1_ref57_k1': 147, 'B0_ref25_k4': 12, 'B1_ref57_k4': 10}, complete True
/global/homes/d/digonto/.conda/envs/skqd/lib/python3.12/site-packages/qiskit/qpy/interface.py:346: UserWarning: The qiskit version used to generate the provided QPY file, 2.5.2, is newer than the current qiskit version 1.4.3. This may result in an error if the QPY file uses instructions not present in this current qiskit version
  warnings.warn(
[ 2120.9 s] C4_FCELLS_A: cell E1|NAT-O1: f_hit 0.25516797729439694, hits {'B0_ref25_k1': 190, 'B1_ref57_k1': 183, 'B0_ref25_k4': 16, 'B1_ref57_k4': 12}, complete True
/global/homes/d/digonto/.conda/envs/skqd/lib/python3.12/site-packages/qiskit/qpy/interface.py:346: UserWarning: The qiskit version used to generate the provided QPY file, 2.5.2, is newer than the current qiskit version 1.4.3. This may result in an error if the QPY file uses instructions not present in this current qiskit version
  warnings.warn(
[ 2172.8 s] C4_FCELLS_A: cell E2|NAT-O1: f_hit 0.26748176383768457, hits {'B0_ref25_k1': 189, 'B1_ref57_k1': 202, 'B0_ref25_k4': 11, 'B1_ref57_k4': 16}, complete True
/global/homes/d/digonto/.conda/envs/skqd/lib/python3.12/site-packages/qiskit/qpy/interface.py:346: UserWarning: The qiskit version used to generate the provided QPY file, 2.5.2, is newer than the current qiskit version 1.4.3. This may result in an error if the QPY file uses instructions not present in this current qiskit version
  warnings.warn(
[ 2320.0 s] C4_FCELLS_A: cell E3|NAT-O1: f_hit 0.11355943204658915, hits {'B0_ref25_k1': 89, 'B1_ref57_k1': 77, 'B0_ref25_k4': 5, 'B1_ref57_k4': 7}, complete True
| check | value | criterion | result |
|---|---|---|---|
| P10 each variant's f_hit vs the O0 cell (Delta, sigma, verdict reported; an exact optimisation may move f) | 3 | fields present | PASS |
| P11 E1 x O0 reference hits on the k = 1 circuits inside the 95 % band of the CF_traj prediction (a physics criterion: STOP on FAIL) | 338 | in [302, 427] (prediction 362.6 +- 12.9) | PASS |
| S1 the run happened on the requested device (GPU under the CI) | GPU (available ['CPU', 'GPU']) | GPU | PASS |
| S2 wall time inside the walltime budget | 2320 s | <= min(walltime 3600 s, 3600 s) and <= 1.1 x budget + 120 s | PASS |
| S3 telemetry and run block present (policy fields non-null on the CI) | {'engine': True, 'device': True, 'wall_seconds': True, 'seconds_per_shot': True, 'gpus': True} | every policy field non-null on the CI; present on the laptop | PASS |
| S4 every seed and every chunk recorded | True | true | PASS |
| S5 no out-of-memory retry left unrecorded | 0 recorded | each OOM split recorded | PASS |
| S6 shots >= the token's minimum | 10 of 42 cells | no reduction below the minimum | FAIL |
C4_FCELLS_A: FAIL (2320 s)
gate C4_FCELLS_A: status FAIL, exit code 1, 2337 s
srun: error: nid004037: task 0: Exited with exit code 1
srun: Terminating StepId=59570315.0
/var/spool/slurmd/job59570315/slurm_script: line 56: 1611449 Terminated              ( while true; do
    nvidia-smi --query-gpu=utilization.gpu,memory.used --format=csv,noheader,nounits | sed "s/^/$(date +%s),/"; sleep 10;
done ) > "$SKQD_GPU_TELEMETRY" 2> /dev/null
