conda env: skqd
preflight: 16 modules imported in 15.87 s (env skqd; threadpoolctl 3.7.0)
[    0.0 s] C2_CAL: device GPU (available ['CPU', 'GPU']), budget 35.0 min, shots x 1.0, chunk <= 476, s0 33100000
/global/homes/d/digonto/.conda/envs/skqd/lib/python3.12/site-packages/qiskit/qpy/interface.py:346: UserWarning: The qiskit version used to generate the provided QPY file, 2.5.2, is newer than the current qiskit version 1.4.3. This may result in an error if the QPY file uses instructions not present in this current qiskit version
  warnings.warn(
[  204.1 s] C2_CAL: pta: 512/512 shots in 4 chunks, 0.2860286976210773 s/shot at 128, w 9.95703125, accepted 0
[  216.4 s] C2_CAL: rm: 0/1024 shots in 0 chunks, None s/shot at 0, w None, accepted 0
[  229.6 s] C2_CAL: kraus: 0/1024 shots in 0 chunks, None s/shot at 0, w None, accepted 0
| check | value | criterion | result |
|---|---|---|---|
| P0 run-1 record archived unedited and referenced (supersedes + sha256) | 54b77474065486eaa0f43b5e1c7403ed521ddafcd1d3abd58d6b85fca1022ac7 | validation/archive/C2_CAL_job59491475.json present | PASS |
| P4r RM model: no Kraus instruction (to_dict and delay-pass errors); the T2 <= T1 qubits identical to the Kraus model | {'changed': [59, 69, 92, 95], 'unchanged': 17, 'max_superop_diff': 0.0, 'kraus_in_rm': {'to_dict': 0, 'custom_pass_sites': 0, 'custom_pass_sites_total': 8004}} | 0 kraus; SuperOp / readout diff <= 1e-12 on unchanged sites | PASS |
| P4a RM vs Kraus garbage structure: |z| <= 3 on the mean Hamming weight and every marginal (decides the production representation; PASS or FAIL are both a decision) | {'pass': None, 'z_w': None, 'max_abs_z_marginal': None, 'production': 'kraus'} | decided (both arms sampled) | FAIL |
| P4b PTA vs Kraus, same statistic (information; expected to fail: PTA is unital) | {'pass': None, 'z_w': None, 'max_abs_z_marginal': None} | information | PASS |
| P4c each arm vs the K1 measurement (z of the weight and marginals, readout share; information) | {'pta': 1.8171368100745533, 'rm': None, 'kraus': None} | fields present | PASS |
| P5' >= 2 ladder points per representation (cuStateVec) and Kraus shots_done >= the minimum | {'points': {'pta': 4, 'rm': 0, 'kraus': 0}, 'kraus_shots_done': 0} | >= 2 each; Kraus >= 384 | FAIL |
| S1 the run happened on the requested device (GPU under the CI) | GPU (available ['CPU', 'GPU']) | GPU | PASS |
| S2 wall time inside the walltime budget | 230 s | <= min(walltime 2700 s, 3600 s) and <= 1.1 x budget + 120 s | PASS |
| S3 telemetry and run block present (policy fields non-null on the CI) | {'engine': True, 'device': True, 'wall_seconds': True, 'seconds_per_shot': False, 'gpus': True} | every policy field non-null on the CI; present on the laptop | FAIL |
| S4 every seed and every chunk recorded | True | true | PASS |
| S5 no out-of-memory retry left unrecorded | 0 recorded | each OOM split recorded | PASS |
| S6 shots >= the token's minimum | {'pta': 512, 'rm': 0, 'kraus': 0} | no reduction below the minimum | FAIL |
C2_CAL: FAIL (230 s)
gate C2_CAL: status FAIL, exit code 1, 250 s
srun: error: nid003316: task 0: Exited with exit code 1
srun: Terminating StepId=59570318.0
/var/spool/slurmd/job59570318/slurm_script: line 56: 625806 Terminated              ( while true; do
    nvidia-smi --query-gpu=utilization.gpu,memory.used --format=csv,noheader,nounits | sed "s/^/$(date +%s),/"; sleep 10;
done ) > "$SKQD_GPU_TELEMETRY" 2> /dev/null
