CI run (CI_GATE=L4, SLURM_JOB_ID=58741899, SLURM_JOB_NODELIST=nid008257): device GPU, batched_shots_gpu True, qiskit {'qiskit': '1.4.3', 'qiskit_aer': '0.15.1'}
timing ladder: warm-up discarded (8.05 s)
timing ladder:     20 shots ->    0.21 s (0.01056 s/shot)
timing ladder:    100 shots ->    0.29 s (0.00291 s/shot)
timing ladder:    500 shots ->    0.65 s (0.00129 s/shot)
timing ladder:   1000 shots ->    1.06 s (0.00106 s/shot)
timing ladder:   2000 shots ->    2.06 s (0.00103 s/shot)
B=0: pilot 1000 shots -> 0.001 s/shot
B=0: 20 circuits, 20000 shots/circuit (min-shots 500)
B=0: sampled 20 circuits x 20000 shots in 4 run() call(s) (<= 20 circuits x 6103 shots each, 0 OOM retries) (454.3 s)
B=1: pilot 1000 shots -> 0.001 s/shot
B=1: 8 circuits, 20000 shots/circuit (min-shots 500)
B=1: sampled 8 circuits x 20000 shots in 2 run() call(s) (<= 8 circuits x 15258 shots each, 0 OOM retries) (193.3 s)
| check | value | criterion | result |
|---|---|---|---|
| B=0: measured yield within a factor 3 of the model (1-p_ro)^n f + (1-f) a, f = <(1-p2)^CZ>, a = 0.00928 exhaustive | 0.458 vs 0.378 (ratio 1.21; the first term alone, 0.8864 f = 0.373, gives 1.23) | ratio in [1/3, 3] (the model is a rough proxy) | PASS |
| B=0: exact E0 inside the Weinstein interval | -3.6408 | inside | PASS |
| B=1: measured yield within a factor 3 of the model (1-p_ro)^n f + (1-f) a, f = <(1-p2)^CZ>, a = 0.00488 exhaustive | 0.441 vs 0.376 (ratio 1.17; the first term alone, 0.8864 f = 0.373, gives 1.18) | ratio in [1/3, 3] (the model is a rough proxy) | PASS |
| B=1: exact E0 inside the Weinstein interval | -1.8616 | inside | PASS |
gate L4: status PASS, exit code 0, 684 s
/var/spool/slurmd/job58741899/slurm_script: line 47: 249541 Terminated              ( while true; do
    nvidia-smi --query-gpu=utilization.gpu,memory.used --format=csv,noheader,nounits | sed "s/^/$(date +%s),/"; sleep 10;
done ) > "$SKQD_GPU_TELEMETRY" 2> /dev/null
