conda env: skqd
preflight: 16 modules imported in 11.95 s (env skqd; threadpoolctl 3.7.0)
[    0.0 s] C3_AER: device GPU (available ['CPU', 'GPU']), budget 20.0 min, shots x 1.0, chunk <= 476, s0 33700000
/global/homes/d/digonto/.conda/envs/skqd/lib/python3.12/site-packages/qiskit/qpy/interface.py:346: UserWarning: The qiskit version used to generate the provided QPY file, 2.5.2, is newer than the current qiskit version 1.4.3. This may result in an error if the QPY file uses instructions not present in this current qiskit version
  warnings.warn(
[    6.0 s] C3_AER: exactness NAT-O0 B0_ref117_k1: True |dpsi| 4.39e-14
/global/homes/d/digonto/.conda/envs/skqd/lib/python3.12/site-packages/qiskit/qpy/interface.py:346: UserWarning: The qiskit version used to generate the provided QPY file, 2.5.2, is newer than the current qiskit version 1.4.3. This may result in an error if the QPY file uses instructions not present in this current qiskit version
  warnings.warn(
[    6.6 s] C3_AER: exactness NAT-O0 B0_ref117_k2: True |dpsi| 6.83e-14
/global/homes/d/digonto/.conda/envs/skqd/lib/python3.12/site-packages/qiskit/qpy/interface.py:346: UserWarning: The qiskit version used to generate the provided QPY file, 2.5.2, is newer than the current qiskit version 1.4.3. This may result in an error if the QPY file uses instructions not present in this current qiskit version
  warnings.warn(
[    7.2 s] C3_AER: exactness NAT-O0 B0_ref117_k3: True |dpsi| 7.62e-14
/global/homes/d/digonto/.conda/envs/skqd/lib/python3.12/site-packages/qiskit/qpy/interface.py:346: UserWarning: The qiskit version used to generate the provided QPY file, 2.5.2, is newer than the current qiskit version 1.4.3. This may result in an error if the QPY file uses instructions not present in this current qiskit version
  warnings.warn(
[    7.9 s] C3_AER: exactness NAT-O0 B0_ref117_k4: True |dpsi| 5.14e-14
/global/homes/d/digonto/.conda/envs/skqd/lib/python3.12/site-packages/qiskit/qpy/interface.py:346: UserWarning: The qiskit version used to generate the provided QPY file, 2.5.2, is newer than the current qiskit version 1.4.3. This may result in an error if the QPY file uses instructions not present in this current qiskit version
  warnings.warn(
[    8.5 s] C3_AER: exactness NAT-O0 B0_ref169_k1: True |dpsi| 7.40e-14
/global/homes/d/digonto/.conda/envs/skqd/lib/python3.12/site-packages/qiskit/qpy/interface.py:346: UserWarning: The qiskit version used to generate the provided QPY file, 2.5.2, is newer than the current qiskit version 1.4.3. This may result in an error if the QPY file uses instructions not present in this current qiskit version
  warnings.warn(
[    9.2 s] C3_AER: exactness NAT-O0 B0_ref169_k2: True |dpsi| 7.48e-14
/global/homes/d/digonto/.conda/envs/skqd/lib/python3.12/site-packages/qiskit/qpy/interface.py:346: UserWarning: The qiskit version used to generate the provided QPY file, 2.5.2, is newer than the current qiskit version 1.4.3. This may result in an error if the QPY file uses instructions not present in this current qiskit version
  warnings.warn(
[    9.8 s] C3_AER: exactness NAT-O0 B0_ref169_k3: True |dpsi| 6.78e-14
/global/homes/d/digonto/.conda/envs/skqd/lib/python3.12/site-packages/qiskit/qpy/interface.py:346: UserWarning: The qiskit version used to generate the provided QPY file, 2.5.2, is newer than the current qiskit version 1.4.3. This may result in an error if the QPY file uses instructions not present in this current qiskit version
  warnings.warn(
[   10.5 s] C3_AER: exactness NAT-O0 B0_ref169_k4: True |dpsi| 7.37e-14
/global/homes/d/digonto/.conda/envs/skqd/lib/python3.12/site-packages/qiskit/qpy/interface.py:346: UserWarning: The qiskit version used to generate the provided QPY file, 2.5.2, is newer than the current qiskit version 1.4.3. This may result in an error if the QPY file uses instructions not present in this current qiskit version
  warnings.warn(
[   11.1 s] C3_AER: exactness NAT-O0 B0_ref25_k1: True |dpsi| 2.03e-13
/global/homes/d/digonto/.conda/envs/skqd/lib/python3.12/site-packages/qiskit/qpy/interface.py:346: UserWarning: The qiskit version used to generate the provided QPY file, 2.5.2, is newer than the current qiskit version 1.4.3. This may result in an error if the QPY file uses instructions not present in this current qiskit version
  warnings.warn(
[   11.8 s] C3_AER: exactness NAT-O0 B0_ref25_k2: True |dpsi| 1.79e-13
/global/homes/d/digonto/.conda/envs/skqd/lib/python3.12/site-packages/qiskit/qpy/interface.py:346: UserWarning: The qiskit version used to generate the provided QPY file, 2.5.2, is newer than the current qiskit version 1.4.3. This may result in an error if the QPY file uses instructions not present in this current qiskit version
  warnings.warn(
[   12.4 s] C3_AER: exactness NAT-O0 B0_ref25_k3: True |dpsi| 1.45e-13
/global/homes/d/digonto/.conda/envs/skqd/lib/python3.12/site-packages/qiskit/qpy/interface.py:346: UserWarning: The qiskit version used to generate the provided QPY file, 2.5.2, is newer than the current qiskit version 1.4.3. This may result in an error if the QPY file uses instructions not present in this current qiskit version
  warnings.warn(
[   13.0 s] C3_AER: exactness NAT-O0 B0_ref25_k4: True |dpsi| 1.06e-13
/global/homes/d/digonto/.conda/envs/skqd/lib/python3.12/site-packages/qiskit/qpy/interface.py:346: UserWarning: The qiskit version used to generate the provided QPY file, 2.5.2, is newer than the current qiskit version 1.4.3. This may result in an error if the QPY file uses instructions not present in this current qiskit version
  warnings.warn(
[   13.7 s] C3_AER: exactness NAT-O0 B0_ref333_k1: True |dpsi| 5.66e-14
/global/homes/d/digonto/.conda/envs/skqd/lib/python3.12/site-packages/qiskit/qpy/interface.py:346: UserWarning: The qiskit version used to generate the provided QPY file, 2.5.2, is newer than the current qiskit version 1.4.3. This may result in an error if the QPY file uses instructions not present in this current qiskit version
  warnings.warn(
[   14.3 s] C3_AER: exactness NAT-O0 B0_ref333_k2: True |dpsi| 5.81e-14
/global/homes/d/digonto/.conda/envs/skqd/lib/python3.12/site-packages/qiskit/qpy/interface.py:346: UserWarning: The qiskit version used to generate the provided QPY file, 2.5.2, is newer than the current qiskit version 1.4.3. This may result in an error if the QPY file uses instructions not present in this current qiskit version
  warnings.warn(
[   14.9 s] C3_AER: exactness NAT-O0 B0_ref333_k3: True |dpsi| 5.03e-14
/global/homes/d/digonto/.conda/envs/skqd/lib/python3.12/site-packages/qiskit/qpy/interface.py:346: UserWarning: The qiskit version used to generate the provided QPY file, 2.5.2, is newer than the current qiskit version 1.4.3. This may result in an error if the QPY file uses instructions not present in this current qiskit version
  warnings.warn(
[   15.6 s] C3_AER: exactness NAT-O0 B0_ref333_k4: True |dpsi| 5.12e-14
/global/homes/d/digonto/.conda/envs/skqd/lib/python3.12/site-packages/qiskit/qpy/interface.py:346: UserWarning: The qiskit version used to generate the provided QPY file, 2.5.2, is newer than the current qiskit version 1.4.3. This may result in an error if the QPY file uses instructions not present in this current qiskit version
  warnings.warn(
[   16.1 s] C3_AER: exactness NAT-O0 B0_ref525_k1: True |dpsi| 2.06e-13
/global/homes/d/digonto/.conda/envs/skqd/lib/python3.12/site-packages/qiskit/qpy/interface.py:346: UserWarning: The qiskit version used to generate the provided QPY file, 2.5.2, is newer than the current qiskit version 1.4.3. This may result in an error if the QPY file uses instructions not present in this current qiskit version
  warnings.warn(
[   16.8 s] C3_AER: exactness NAT-O0 B0_ref525_k2: True |dpsi| 1.83e-13
/global/homes/d/digonto/.conda/envs/skqd/lib/python3.12/site-packages/qiskit/qpy/interface.py:346: UserWarning: The qiskit version used to generate the provided QPY file, 2.5.2, is newer than the current qiskit version 1.4.3. This may result in an error if the QPY file uses instructions not present in this current qiskit version
  warnings.warn(
[   17.4 s] C3_AER: exactness NAT-O0 B0_ref525_k3: True |dpsi| 1.47e-13
/global/homes/d/digonto/.conda/envs/skqd/lib/python3.12/site-packages/qiskit/qpy/interface.py:346: UserWarning: The qiskit version used to generate the provided QPY file, 2.5.2, is newer than the current qiskit version 1.4.3. This may result in an error if the QPY file uses instructions not present in this current qiskit version
  warnings.warn(
[   18.0 s] C3_AER: exactness NAT-O0 B0_ref525_k4: True |dpsi| 1.09e-13
/global/homes/d/digonto/.conda/envs/skqd/lib/python3.12/site-packages/qiskit/qpy/interface.py:346: UserWarning: The qiskit version used to generate the provided QPY file, 2.5.2, is newer than the current qiskit version 1.4.3. This may result in an error if the QPY file uses instructions not present in this current qiskit version
  warnings.warn(
[   18.7 s] C3_AER: exactness NAT-O0 B0_ref70_k1: True |dpsi| 2.01e-13
/global/homes/d/digonto/.conda/envs/skqd/lib/python3.12/site-packages/qiskit/qpy/interface.py:346: UserWarning: The qiskit version used to generate the provided QPY file, 2.5.2, is newer than the current qiskit version 1.4.3. This may result in an error if the QPY file uses instructions not present in this current qiskit version
  warnings.warn(
[   19.2 s] C3_AER: exactness NAT-O0 B0_ref70_k2: True |dpsi| 1.76e-13
/global/homes/d/digonto/.conda/envs/skqd/lib/python3.12/site-packages/qiskit/qpy/interface.py:346: UserWarning: The qiskit version used to generate the provided QPY file, 2.5.2, is newer than the current qiskit version 1.4.3. This may result in an error if the QPY file uses instructions not present in this current qiskit version
  warnings.warn(
[   19.9 s] C3_AER: exactness NAT-O0 B0_ref70_k3: True |dpsi| 1.42e-13
/global/homes/d/digonto/.conda/envs/skqd/lib/python3.12/site-packages/qiskit/qpy/interface.py:346: UserWarning: The qiskit version used to generate the provided QPY file, 2.5.2, is newer than the current qiskit version 1.4.3. This may result in an error if the QPY file uses instructions not present in this current qiskit version
  warnings.warn(
[   20.5 s] C3_AER: exactness NAT-O0 B0_ref70_k4: True |dpsi| 1.03e-13
/global/homes/d/digonto/.conda/envs/skqd/lib/python3.12/site-packages/qiskit/qpy/interface.py:346: UserWarning: The qiskit version used to generate the provided QPY file, 2.5.2, is newer than the current qiskit version 1.4.3. This may result in an error if the QPY file uses instructions not present in this current qiskit version
  warnings.warn(
[   21.1 s] C3_AER: exactness NAT-O0 B0_ref795_k1: True |dpsi| 7.49e-14
/global/homes/d/digonto/.conda/envs/skqd/lib/python3.12/site-packages/qiskit/qpy/interface.py:346: UserWarning: The qiskit version used to generate the provided QPY file, 2.5.2, is newer than the current qiskit version 1.4.3. This may result in an error if the QPY file uses instructions not present in this current qiskit version
  warnings.warn(
[   21.7 s] C3_AER: exactness NAT-O0 B0_ref795_k2: True |dpsi| 6.54e-14
/global/homes/d/digonto/.conda/envs/skqd/lib/python3.12/site-packages/qiskit/qpy/interface.py:346: UserWarning: The qiskit version used to generate the provided QPY file, 2.5.2, is newer than the current qiskit version 1.4.3. This may result in an error if the QPY file uses instructions not present in this current qiskit version
  warnings.warn(
[   22.4 s] C3_AER: exactness NAT-O0 B0_ref795_k3: True |dpsi| 6.59e-14
/global/homes/d/digonto/.conda/envs/skqd/lib/python3.12/site-packages/qiskit/qpy/interface.py:346: UserWarning: The qiskit version used to generate the provided QPY file, 2.5.2, is newer than the current qiskit version 1.4.3. This may result in an error if the QPY file uses instructions not present in this current qiskit version
  warnings.warn(
[   23.0 s] C3_AER: exactness NAT-O0 B0_ref795_k4: True |dpsi| 5.60e-14
/global/homes/d/digonto/.conda/envs/skqd/lib/python3.12/site-packages/qiskit/qpy/interface.py:346: UserWarning: The qiskit version used to generate the provided QPY file, 2.5.2, is newer than the current qiskit version 1.4.3. This may result in an error if the QPY file uses instructions not present in this current qiskit version
  warnings.warn(
[   23.6 s] C3_AER: exactness NAT-O0 B0_ref86_k1: True |dpsi| 4.75e-14
/global/homes/d/digonto/.conda/envs/skqd/lib/python3.12/site-packages/qiskit/qpy/interface.py:346: UserWarning: The qiskit version used to generate the provided QPY file, 2.5.2, is newer than the current qiskit version 1.4.3. This may result in an error if the QPY file uses instructions not present in this current qiskit version
  warnings.warn(
[   24.2 s] C3_AER: exactness NAT-O0 B0_ref86_k2: True |dpsi| 5.51e-14
/global/homes/d/digonto/.conda/envs/skqd/lib/python3.12/site-packages/qiskit/qpy/interface.py:346: UserWarning: The qiskit version used to generate the provided QPY file, 2.5.2, is newer than the current qiskit version 1.4.3. This may result in an error if the QPY file uses instructions not present in this current qiskit version
  warnings.warn(
[   24.8 s] C3_AER: exactness NAT-O0 B0_ref86_k3: True |dpsi| 5.99e-14
/global/homes/d/digonto/.conda/envs/skqd/lib/python3.12/site-packages/qiskit/qpy/interface.py:346: UserWarning: The qiskit version used to generate the provided QPY file, 2.5.2, is newer than the current qiskit version 1.4.3. This may result in an error if the QPY file uses instructions not present in this current qiskit version
  warnings.warn(
[   25.4 s] C3_AER: exactness NAT-O0 B0_ref86_k4: True |dpsi| 5.13e-14
/global/homes/d/digonto/.conda/envs/skqd/lib/python3.12/site-packages/qiskit/qpy/interface.py:346: UserWarning: The qiskit version used to generate the provided QPY file, 2.5.2, is newer than the current qiskit version 1.4.3. This may result in an error if the QPY file uses instructions not present in this current qiskit version
  warnings.warn(
[   26.1 s] C3_AER: exactness NAT-O0 B1_ref27_k1: True |dpsi| 2.08e-13
/global/homes/d/digonto/.conda/envs/skqd/lib/python3.12/site-packages/qiskit/qpy/interface.py:346: UserWarning: The qiskit version used to generate the provided QPY file, 2.5.2, is newer than the current qiskit version 1.4.3. This may result in an error if the QPY file uses instructions not present in this current qiskit version
  warnings.warn(
[   26.7 s] C3_AER: exactness NAT-O0 B1_ref27_k2: True |dpsi| 1.79e-13
/global/homes/d/digonto/.conda/envs/skqd/lib/python3.12/site-packages/qiskit/qpy/interface.py:346: UserWarning: The qiskit version used to generate the provided QPY file, 2.5.2, is newer than the current qiskit version 1.4.3. This may result in an error if the QPY file uses instructions not present in this current qiskit version
  warnings.warn(
[   27.3 s] C3_AER: exactness NAT-O0 B1_ref27_k3: True |dpsi| 1.45e-13
/global/homes/d/digonto/.conda/envs/skqd/lib/python3.12/site-packages/qiskit/qpy/interface.py:346: UserWarning: The qiskit version used to generate the provided QPY file, 2.5.2, is newer than the current qiskit version 1.4.3. This may result in an error if the QPY file uses instructions not present in this current qiskit version
  warnings.warn(
[   27.9 s] C3_AER: exactness NAT-O0 B1_ref27_k4: True |dpsi| 9.42e-14
/global/homes/d/digonto/.conda/envs/skqd/lib/python3.12/site-packages/qiskit/qpy/interface.py:346: UserWarning: The qiskit version used to generate the provided QPY file, 2.5.2, is newer than the current qiskit version 1.4.3. This may result in an error if the QPY file uses instructions not present in this current qiskit version
  warnings.warn(
[   28.5 s] C3_AER: exactness NAT-O0 B1_ref29_k1: True |dpsi| 1.44e-13
/global/homes/d/digonto/.conda/envs/skqd/lib/python3.12/site-packages/qiskit/qpy/interface.py:346: UserWarning: The qiskit version used to generate the provided QPY file, 2.5.2, is newer than the current qiskit version 1.4.3. This may result in an error if the QPY file uses instructions not present in this current qiskit version
  warnings.warn(
[   29.1 s] C3_AER: exactness NAT-O0 B1_ref29_k2: True |dpsi| 5.40e-14
/global/homes/d/digonto/.conda/envs/skqd/lib/python3.12/site-packages/qiskit/qpy/interface.py:346: UserWarning: The qiskit version used to generate the provided QPY file, 2.5.2, is newer than the current qiskit version 1.4.3. This may result in an error if the QPY file uses instructions not present in this current qiskit version
  warnings.warn(
[   29.7 s] C3_AER: exactness NAT-O0 B1_ref29_k3: True |dpsi| 6.83e-14
/global/homes/d/digonto/.conda/envs/skqd/lib/python3.12/site-packages/qiskit/qpy/interface.py:346: UserWarning: The qiskit version used to generate the provided QPY file, 2.5.2, is newer than the current qiskit version 1.4.3. This may result in an error if the QPY file uses instructions not present in this current qiskit version
  warnings.warn(
[   30.4 s] C3_AER: exactness NAT-O0 B1_ref29_k4: True |dpsi| 5.08e-14
/global/homes/d/digonto/.conda/envs/skqd/lib/python3.12/site-packages/qiskit/qpy/interface.py:346: UserWarning: The qiskit version used to generate the provided QPY file, 2.5.2, is newer than the current qiskit version 1.4.3. This may result in an error if the QPY file uses instructions not present in this current qiskit version
  warnings.warn(
[   30.9 s] C3_AER: exactness NAT-O0 B1_ref57_k1: True |dpsi| 2.07e-13
/global/homes/d/digonto/.conda/envs/skqd/lib/python3.12/site-packages/qiskit/qpy/interface.py:346: UserWarning: The qiskit version used to generate the provided QPY file, 2.5.2, is newer than the current qiskit version 1.4.3. This may result in an error if the QPY file uses instructions not present in this current qiskit version
  warnings.warn(
[   31.6 s] C3_AER: exactness NAT-O0 B1_ref57_k2: True |dpsi| 1.81e-13
/global/homes/d/digonto/.conda/envs/skqd/lib/python3.12/site-packages/qiskit/qpy/interface.py:346: UserWarning: The qiskit version used to generate the provided QPY file, 2.5.2, is newer than the current qiskit version 1.4.3. This may result in an error if the QPY file uses instructions not present in this current qiskit version
  warnings.warn(
[   32.2 s] C3_AER: exactness NAT-O0 B1_ref57_k3: True |dpsi| 1.49e-13
/global/homes/d/digonto/.conda/envs/skqd/lib/python3.12/site-packages/qiskit/qpy/interface.py:346: UserWarning: The qiskit version used to generate the provided QPY file, 2.5.2, is newer than the current qiskit version 1.4.3. This may result in an error if the QPY file uses instructions not present in this current qiskit version
  warnings.warn(
[   32.8 s] C3_AER: exactness NAT-O0 B1_ref57_k4: True |dpsi| 9.66e-14
/global/homes/d/digonto/.conda/envs/skqd/lib/python3.12/site-packages/qiskit/qpy/interface.py:346: UserWarning: The qiskit version used to generate the provided QPY file, 2.5.2, is newer than the current qiskit version 1.4.3. This may result in an error if the QPY file uses instructions not present in this current qiskit version
  warnings.warn(
/global/homes/d/digonto/.conda/envs/skqd/lib/python3.12/site-packages/qiskit/qpy/interface.py:346: UserWarning: The qiskit version used to generate the provided QPY file, 2.5.2, is newer than the current qiskit version 1.4.3. This may result in an error if the QPY file uses instructions not present in this current qiskit version
  warnings.warn(
/global/homes/d/digonto/.conda/envs/skqd/lib/python3.12/site-packages/qiskit/qpy/interface.py:346: UserWarning: The qiskit version used to generate the provided QPY file, 2.5.2, is newer than the current qiskit version 1.4.3. This may result in an error if the QPY file uses instructions not present in this current qiskit version
  warnings.warn(
/global/homes/d/digonto/.conda/envs/skqd/lib/python3.12/site-packages/qiskit/qpy/interface.py:346: UserWarning: The qiskit version used to generate the provided QPY file, 2.5.2, is newer than the current qiskit version 1.4.3. This may result in an error if the QPY file uses instructions not present in this current qiskit version
  warnings.warn(
/global/homes/d/digonto/.conda/envs/skqd/lib/python3.12/site-packages/qiskit/qpy/interface.py:346: UserWarning: The qiskit version used to generate the provided QPY file, 2.5.2, is newer than the current qiskit version 1.4.3. This may result in an error if the QPY file uses instructions not present in this current qiskit version
  warnings.warn(
/global/homes/d/digonto/.conda/envs/skqd/lib/python3.12/site-packages/qiskit/qpy/interface.py:346: UserWarning: The qiskit version used to generate the provided QPY file, 2.5.2, is newer than the current qiskit version 1.4.3. This may result in an error if the QPY file uses instructions not present in this current qiskit version
  warnings.warn(
/global/homes/d/digonto/.conda/envs/skqd/lib/python3.12/site-packages/qiskit/qpy/interface.py:346: UserWarning: The qiskit version used to generate the provided QPY file, 2.5.2, is newer than the current qiskit version 1.4.3. This may result in an error if the QPY file uses instructions not present in this current qiskit version
  warnings.warn(
/global/homes/d/digonto/.conda/envs/skqd/lib/python3.12/site-packages/qiskit/qpy/interface.py:346: UserWarning: The qiskit version used to generate the provided QPY file, 2.5.2, is newer than the current qiskit version 1.4.3. This may result in an error if the QPY file uses instructions not present in this current qiskit version
  warnings.warn(
/global/homes/d/digonto/.conda/envs/skqd/lib/python3.12/site-packages/qiskit/qpy/interface.py:346: UserWarning: The qiskit version used to generate the provided QPY file, 2.5.2, is newer than the current qiskit version 1.4.3. This may result in an error if the QPY file uses instructions not present in this current qiskit version
  warnings.warn(
/global/homes/d/digonto/.conda/envs/skqd/lib/python3.12/site-packages/qiskit/qpy/interface.py:346: UserWarning: The qiskit version used to generate the provided QPY file, 2.5.2, is newer than the current qiskit version 1.4.3. This may result in an error if the QPY file uses instructions not present in this current qiskit version
  warnings.warn(
/global/homes/d/digonto/.conda/envs/skqd/lib/python3.12/site-packages/qiskit/qpy/interface.py:346: UserWarning: The qiskit version used to generate the provided QPY file, 2.5.2, is newer than the current qiskit version 1.4.3. This may result in an error if the QPY file uses instructions not present in this current qiskit version
  warnings.warn(
/global/homes/d/digonto/.conda/envs/skqd/lib/python3.12/site-packages/qiskit/qpy/interface.py:346: UserWarning: The qiskit version used to generate the provided QPY file, 2.5.2, is newer than the current qiskit version 1.4.3. This may result in an error if the QPY file uses instructions not present in this current qiskit version
  warnings.warn(
/global/homes/d/digonto/.conda/envs/skqd/lib/python3.12/site-packages/qiskit/qpy/interface.py:346: UserWarning: The qiskit version used to generate the provided QPY file, 2.5.2, is newer than the current qiskit version 1.4.3. This may result in an error if the QPY file uses instructions not present in this current qiskit version
  warnings.warn(
/global/homes/d/digonto/.conda/envs/skqd/lib/python3.12/site-packages/qiskit/qpy/interface.py:346: UserWarning: The qiskit version used to generate the provided QPY file, 2.5.2, is newer than the current qiskit version 1.4.3. This may result in an error if the QPY file uses instructions not present in this current qiskit version
  warnings.warn(
/global/homes/d/digonto/.conda/envs/skqd/lib/python3.12/site-packages/qiskit/qpy/interface.py:346: UserWarning: The qiskit version used to generate the provided QPY file, 2.5.2, is newer than the current qiskit version 1.4.3. This may result in an error if the QPY file uses instructions not present in this current qiskit version
  warnings.warn(
/global/homes/d/digonto/.conda/envs/skqd/lib/python3.12/site-packages/qiskit/qpy/interface.py:346: UserWarning: The qiskit version used to generate the provided QPY file, 2.5.2, is newer than the current qiskit version 1.4.3. This may result in an error if the QPY file uses instructions not present in this current qiskit version
  warnings.warn(
/global/homes/d/digonto/.conda/envs/skqd/lib/python3.12/site-packages/qiskit/qpy/interface.py:346: UserWarning: The qiskit version used to generate the provided QPY file, 2.5.2, is newer than the current qiskit version 1.4.3. This may result in an error if the QPY file uses instructions not present in this current qiskit version
  warnings.warn(
/global/homes/d/digonto/.conda/envs/skqd/lib/python3.12/site-packages/qiskit/qpy/interface.py:346: UserWarning: The qiskit version used to generate the provided QPY file, 2.5.2, is newer than the current qiskit version 1.4.3. This may result in an error if the QPY file uses instructions not present in this current qiskit version
  warnings.warn(
/global/homes/d/digonto/.conda/envs/skqd/lib/python3.12/site-packages/qiskit/qpy/interface.py:346: UserWarning: The qiskit version used to generate the provided QPY file, 2.5.2, is newer than the current qiskit version 1.4.3. This may result in an error if the QPY file uses instructions not present in this current qiskit version
  warnings.warn(
/global/homes/d/digonto/.conda/envs/skqd/lib/python3.12/site-packages/qiskit/qpy/interface.py:346: UserWarning: The qiskit version used to generate the provided QPY file, 2.5.2, is newer than the current qiskit version 1.4.3. This may result in an error if the QPY file uses instructions not present in this current qiskit version
  warnings.warn(
/global/homes/d/digonto/.conda/envs/skqd/lib/python3.12/site-packages/qiskit/qpy/interface.py:346: UserWarning: The qiskit version used to generate the provided QPY file, 2.5.2, is newer than the current qiskit version 1.4.3. This may result in an error if the QPY file uses instructions not present in this current qiskit version
  warnings.warn(
/global/homes/d/digonto/.conda/envs/skqd/lib/python3.12/site-packages/qiskit/qpy/interface.py:346: UserWarning: The qiskit version used to generate the provided QPY file, 2.5.2, is newer than the current qiskit version 1.4.3. This may result in an error if the QPY file uses instructions not present in this current qiskit version
  warnings.warn(
/global/homes/d/digonto/.conda/envs/skqd/lib/python3.12/site-packages/qiskit/qpy/interface.py:346: UserWarning: The qiskit version used to generate the provided QPY file, 2.5.2, is newer than the current qiskit version 1.4.3. This may result in an error if the QPY file uses instructions not present in this current qiskit version
  warnings.warn(
/global/homes/d/digonto/.conda/envs/skqd/lib/python3.12/site-packages/qiskit/qpy/interface.py:346: UserWarning: The qiskit version used to generate the provided QPY file, 2.5.2, is newer than the current qiskit version 1.4.3. This may result in an error if the QPY file uses instructions not present in this current qiskit version
  warnings.warn(
/global/homes/d/digonto/.conda/envs/skqd/lib/python3.12/site-packages/qiskit/qpy/interface.py:346: UserWarning: The qiskit version used to generate the provided QPY file, 2.5.2, is newer than the current qiskit version 1.4.3. This may result in an error if the QPY file uses instructions not present in this current qiskit version
  warnings.warn(
/global/homes/d/digonto/.conda/envs/skqd/lib/python3.12/site-packages/qiskit/qpy/interface.py:346: UserWarning: The qiskit version used to generate the provided QPY file, 2.5.2, is newer than the current qiskit version 1.4.3. This may result in an error if the QPY file uses instructions not present in this current qiskit version
  warnings.warn(
/global/homes/d/digonto/.conda/envs/skqd/lib/python3.12/site-packages/qiskit/qpy/interface.py:346: UserWarning: The qiskit version used to generate the provided QPY file, 2.5.2, is newer than the current qiskit version 1.4.3. This may result in an error if the QPY file uses instructions not present in this current qiskit version
  warnings.warn(
/global/homes/d/digonto/.conda/envs/skqd/lib/python3.12/site-packages/qiskit/qpy/interface.py:346: UserWarning: The qiskit version used to generate the provided QPY file, 2.5.2, is newer than the current qiskit version 1.4.3. This may result in an error if the QPY file uses instructions not present in this current qiskit version
  warnings.warn(
/global/homes/d/digonto/.conda/envs/skqd/lib/python3.12/site-packages/qiskit/qpy/interface.py:346: UserWarning: The qiskit version used to generate the provided QPY file, 2.5.2, is newer than the current qiskit version 1.4.3. This may result in an error if the QPY file uses instructions not present in this current qiskit version
  warnings.warn(
/global/homes/d/digonto/.conda/envs/skqd/lib/python3.12/site-packages/qiskit/qpy/interface.py:346: UserWarning: The qiskit version used to generate the provided QPY file, 2.5.2, is newer than the current qiskit version 1.4.3. This may result in an error if the QPY file uses instructions not present in this current qiskit version
  warnings.warn(
/global/homes/d/digonto/.conda/envs/skqd/lib/python3.12/site-packages/qiskit/qpy/interface.py:346: UserWarning: The qiskit version used to generate the provided QPY file, 2.5.2, is newer than the current qiskit version 1.4.3. This may result in an error if the QPY file uses instructions not present in this current qiskit version
  warnings.warn(
/global/homes/d/digonto/.conda/envs/skqd/lib/python3.12/site-packages/qiskit/qpy/interface.py:346: UserWarning: The qiskit version used to generate the provided QPY file, 2.5.2, is newer than the current qiskit version 1.4.3. This may result in an error if the QPY file uses instructions not present in this current qiskit version
  warnings.warn(
/global/homes/d/digonto/.conda/envs/skqd/lib/python3.12/site-packages/qiskit/qpy/interface.py:346: UserWarning: The qiskit version used to generate the provided QPY file, 2.5.2, is newer than the current qiskit version 1.4.3. This may result in an error if the QPY file uses instructions not present in this current qiskit version
  warnings.warn(
/global/homes/d/digonto/.conda/envs/skqd/lib/python3.12/site-packages/qiskit/qpy/interface.py:346: UserWarning: The qiskit version used to generate the provided QPY file, 2.5.2, is newer than the current qiskit version 1.4.3. This may result in an error if the QPY file uses instructions not present in this current qiskit version
  warnings.warn(
/global/homes/d/digonto/.conda/envs/skqd/lib/python3.12/site-packages/qiskit/qpy/interface.py:346: UserWarning: The qiskit version used to generate the provided QPY file, 2.5.2, is newer than the current qiskit version 1.4.3. This may result in an error if the QPY file uses instructions not present in this current qiskit version
  warnings.warn(
/global/homes/d/digonto/.conda/envs/skqd/lib/python3.12/site-packages/qiskit/qpy/interface.py:346: UserWarning: The qiskit version used to generate the provided QPY file, 2.5.2, is newer than the current qiskit version 1.4.3. This may result in an error if the QPY file uses instructions not present in this current qiskit version
  warnings.warn(
/global/homes/d/digonto/.conda/envs/skqd/lib/python3.12/site-packages/qiskit/qpy/interface.py:346: UserWarning: The qiskit version used to generate the provided QPY file, 2.5.2, is newer than the current qiskit version 1.4.3. This may result in an error if the QPY file uses instructions not present in this current qiskit version
  warnings.warn(
/global/homes/d/digonto/.conda/envs/skqd/lib/python3.12/site-packages/qiskit/qpy/interface.py:346: UserWarning: The qiskit version used to generate the provided QPY file, 2.5.2, is newer than the current qiskit version 1.4.3. This may result in an error if the QPY file uses instructions not present in this current qiskit version
  warnings.warn(
/global/homes/d/digonto/.conda/envs/skqd/lib/python3.12/site-packages/qiskit/qpy/interface.py:346: UserWarning: The qiskit version used to generate the provided QPY file, 2.5.2, is newer than the current qiskit version 1.4.3. This may result in an error if the QPY file uses instructions not present in this current qiskit version
  warnings.warn(
/global/homes/d/digonto/.conda/envs/skqd/lib/python3.12/site-packages/qiskit/qpy/interface.py:346: UserWarning: The qiskit version used to generate the provided QPY file, 2.5.2, is newer than the current qiskit version 1.4.3. This may result in an error if the QPY file uses instructions not present in this current qiskit version
  warnings.warn(
/global/homes/d/digonto/.conda/envs/skqd/lib/python3.12/site-packages/qiskit/qpy/interface.py:346: UserWarning: The qiskit version used to generate the provided QPY file, 2.5.2, is newer than the current qiskit version 1.4.3. This may result in an error if the QPY file uses instructions not present in this current qiskit version
  warnings.warn(
/global/homes/d/digonto/.conda/envs/skqd/lib/python3.12/site-packages/qiskit/qpy/interface.py:346: UserWarning: The qiskit version used to generate the provided QPY file, 2.5.2, is newer than the current qiskit version 1.4.3. This may result in an error if the QPY file uses instructions not present in this current qiskit version
  warnings.warn(
/global/homes/d/digonto/.conda/envs/skqd/lib/python3.12/site-packages/qiskit/qpy/interface.py:346: UserWarning: The qiskit version used to generate the provided QPY file, 2.5.2, is newer than the current qiskit version 1.4.3. This may result in an error if the QPY file uses instructions not present in this current qiskit version
  warnings.warn(
/global/homes/d/digonto/.conda/envs/skqd/lib/python3.12/site-packages/qiskit/qpy/interface.py:346: UserWarning: The qiskit version used to generate the provided QPY file, 2.5.2, is newer than the current qiskit version 1.4.3. This may result in an error if the QPY file uses instructions not present in this current qiskit version
  warnings.warn(
| check | value | criterion | result |
|---|---|---|---|
| P1 max |dpsi| < 1e-10 and leakage < 1e-9 on every circuit of every allowed family | {'NAT-O0': [2.0848540460878082e-13, 1.283417816466681e-13]} | < 1e-10 / < 1e-9 | PASS |
| P2 per-state 5 sigma test |n_s/N - p_s| <= 5 sqrt(p_s(1-p_s)/N), p_s >= 1e-3, every sampled circuit | {'circuits': 44, 'states_tested': 1393, 'max_z': 4.082708580125121, 'failures': 0} | 0 failures (Bonferroni false-alarm < 1e-2 over <= 9000 states) | PASS |
| P3 noiseless SKQD at the f = 0.10 plan: recall of S999 >= 0.9 in both sectors | {'B=0': 1.0, 'B=1': 1.0} | >= 0.9 | PASS |
| P3 E0 inside the Kato-Temple (B=0) / Weinstein (B=1) interval at the plan; E_R >= E0 - 1e-9 | {'B=0': [[-5.603019550453782, -5.602417672886843], 0.00018278499492296874], 'B=1': [[-3.860849761664514, -3.8259017778929536], 0.00018266523119336853]} | inside; variational | PASS |
| S1 the run happened on the requested device (GPU under the CI) | GPU (available ['CPU', 'GPU']) | GPU | PASS |
| S2 wall time inside the walltime budget | 59 s | <= min(walltime 1800 s, 3600 s) and <= 1.1 x budget + 120 s | PASS |
| S3 telemetry and run block present (policy fields non-null on the CI) | {'engine': True, 'device': True, 'wall_seconds': True, 'seconds_per_shot': True, 'gpus': True} | every policy field non-null on the CI; present on the laptop | PASS |
| S4 every seed and every chunk recorded | True | true | PASS |
| S5 no out-of-memory retry left unrecorded | 0 recorded | each OOM split recorded | PASS |
| S6 shots >= the token's minimum | full | no reduction below the minimum | PASS |
C3_AER: PASS (59 s)
gate C3_AER: status PASS, exit code 0, 72 s
/var/spool/slurmd/job59570221/slurm_script: line 56: 1038341 Terminated              ( while true; do
    nvidia-smi --query-gpu=utilization.gpu,memory.used --format=csv,noheader,nounits | sed "s/^/$(date +%s),/"; sleep 10;
done ) > "$SKQD_GPU_TELEMETRY" 2> /dev/null
