conda env: skqd
[    7.2 s] C4_FCELLS_A: device GPU (available ['CPU', 'GPU']), budget 50.0 min, shots x 1.0, chunk <= 476, s0 34000000
Traceback (most recent call last):
  File "/pscratch/sd/d/digonto/skqd-ci-runs/7a8f7f1ec19d-20261007160627-C4_FCELLS_A/scripts/campaign33.py", line 400, in <module>
    sys.exit(main())
             ^^^^^^
  File "/pscratch/sd/d/digonto/skqd-ci-runs/7a8f7f1ec19d-20261007160627-C4_FCELLS_A/scripts/campaign33.py", line 396, in main
    return run_token(args, ci)
           ^^^^^^^^^^^^^^^^^^^
  File "/pscratch/sd/d/digonto/skqd-ci-runs/7a8f7f1ec19d-20261007160627-C4_FCELLS_A/scripts/campaign33.py", line 367, in run_token
    TR.run_fcells(ctx)
  File "/pscratch/sd/d/digonto/skqd-ci-runs/7a8f7f1ec19d-20261007160627-C4_FCELLS_A/src/skqd/campaign33/tokens_run.py", line 621, in run_fcells
    P = A.Physics()
        ^^^^^^^^^^^
  File "/pscratch/sd/d/digonto/skqd-ci-runs/7a8f7f1ec19d-20261007160627-C4_FCELLS_A/src/skqd/campaign33/analysis.py", line 53, in __init__
    self.S[sec] = CV.Sector(self.M, "2x3", sec, tb, acc[sec]["fraction"])
                  ^^^^^^^^^^^^^^^^^^^^^^^^^^^^^^^^^^^^^^^^^^^^^^^^^^^^^^^
  File "/pscratch/sd/d/digonto/skqd-ci-runs/7a8f7f1ec19d-20261007160627-C4_FCELLS_A/scripts/gate_CV.py", line 114, in __init__
    from threadpoolctl import threadpool_limits
ModuleNotFoundError: No module named 'threadpoolctl'
gate C4_FCELLS_A: status UNKNOWN, exit code 1, 16 s
srun: error: nid008349: task 0: Exited with exit code 1
srun: Terminating StepId=59491480.0
/var/spool/slurmd/job59491480/slurm_script: line 56: 2070039 Terminated              ( while true; do
    nvidia-smi --query-gpu=utilization.gpu,memory.used --format=csv,noheader,nounits | sed "s/^/$(date +%s),/"; sleep 10;
done ) > "$SKQD_GPU_TELEMETRY" 2> /dev/null
