{'sector': 'B=0', 'ref': 25, 'k': 1, 'n_qubits': 20, 'rzz': 2158, 'n_1q': 7346, 'n_rz': 4255, 'n_1q_physical_virtual_rz': 3091, 'depth_all': 5658, 'depth_2q_only': 1925, 'rzz_angle_abs_mean': 1.5667551854453858, 'rzz_angle_abs_max': 1.5707963267948966, 'rzz_angle_abs_min': 0.11733248808744356}
{'sector': 'B=0', 'ref': 795, 'k': 1, 'n_qubits': 20, 'rzz': 2158, 'n_1q': 7341, 'n_rz': 4256, 'n_1q_physical_virtual_rz': 3085, 'depth_all': 5657, 'depth_2q_only': 1925, 'rzz_angle_abs_mean': 1.5667551854453858, 'rzz_angle_abs_max': 1.5707963267948966, 'rzz_angle_abs_min': 0.11733248808744355}
{'sector': 'B=0', 'ref': 525, 'k': 1, 'n_qubits': 20, 'rzz': 2158, 'n_1q': 7342, 'n_rz': 4255, 'n_1q_physical_virtual_rz': 3087, 'depth_all': 5657, 'depth_2q_only': 1925, 'rzz_angle_abs_mean': 1.5667551854453858, 'rzz_angle_abs_max': 1.5707963267948966, 'rzz_angle_abs_min': 0.11733248808744356}
{'sector': 'B=0', 'ref': 333, 'k': 1, 'n_qubits': 20, 'rzz': 2158, 'n_1q': 7341, 'n_rz': 4255, 'n_1q_physical_virtual_rz': 3086, 'depth_all': 5657, 'depth_2q_only': 1925, 'rzz_angle_abs_mean': 1.5667551854453858, 'rzz_angle_abs_max': 1.5707963267948966, 'rzz_angle_abs_min': 0.11733248808744356}
{'sector': 'B=0', 'ref': 169, 'k': 1, 'n_qubits': 20, 'rzz': 2158, 'n_1q': 7347, 'n_rz': 4256, 'n_1q_physical_virtual_rz': 3091, 'depth_all': 5657, 'depth_2q_only': 1925, 'rzz_angle_abs_mean': 1.5667551854453858, 'rzz_angle_abs_max': 1.5707963267948966, 'rzz_angle_abs_min': 0.11733248808744355}
{'sector': 'B=0', 'ref': 117, 'k': 1, 'n_qubits': 20, 'rzz': 2158, 'n_1q': 7345, 'n_rz': 4256, 'n_1q_physical_virtual_rz': 3089, 'depth_all': 5657, 'depth_2q_only': 1925, 'rzz_angle_abs_mean': 1.5667551854453858, 'rzz_angle_abs_max': 1.5707963267948966, 'rzz_angle_abs_min': 0.11733248808744355}
{'sector': 'B=0', 'ref': 86, 'k': 1, 'n_qubits': 20, 'rzz': 2158, 'n_1q': 7345, 'n_rz': 4255, 'n_1q_physical_virtual_rz': 3090, 'depth_all': 5658, 'depth_2q_only': 1925, 'rzz_angle_abs_mean': 1.5667551854453858, 'rzz_angle_abs_max': 1.5707963267948966, 'rzz_angle_abs_min': 0.11733248808744356}
{'sector': 'B=0', 'ref': 70, 'k': 1, 'n_qubits': 20, 'rzz': 2158, 'n_1q': 7345, 'n_rz': 4255, 'n_1q_physical_virtual_rz': 3090, 'depth_all': 5658, 'depth_2q_only': 1925, 'rzz_angle_abs_mean': 1.5667551854453858, 'rzz_angle_abs_max': 1.5707963267948966, 'rzz_angle_abs_min': 0.11733248808744356}
{'sector': 'B=1', 'ref': 57, 'k': 1, 'n_qubits': 20, 'rzz': 2158, 'n_1q': 7247, 'n_rz': 4258, 'n_1q_physical_virtual_rz': 2989, 'depth_all': 5652, 'depth_2q_only': 1925, 'rzz_angle_abs_mean': 1.5668188487763217, 'rzz_angle_abs_max': 1.5707963267948966, 'rzz_angle_abs_min': 0.1402300661140483}
{'sector': 'B=1', 'ref': 29, 'k': 1, 'n_qubits': 20, 'rzz': 2158, 'n_1q': 7248, 'n_rz': 4258, 'n_1q_physical_virtual_rz': 2990, 'depth_all': 5652, 'depth_2q_only': 1925, 'rzz_angle_abs_mean': 1.5668188487763217, 'rzz_angle_abs_max': 1.5707963267948966, 'rzz_angle_abs_min': 0.1402300661140483}
{'sector': 'B=1', 'ref': 27, 'k': 1, 'n_qubits': 20, 'rzz': 2158, 'n_1q': 7248, 'n_rz': 4257, 'n_1q_physical_virtual_rz': 2991, 'depth_all': 5652, 'depth_2q_only': 1925, 'rzz_angle_abs_mean': 1.5668188487763217, 'rzz_angle_abs_max': 1.5707963267948966, 'rzz_angle_abs_min': 0.1402300661140483}
{
 "n_2q_rzz_mean": 2158,
 "n_1q_physical_virtual_rz_mean": 3053,
 "n_meas": 20,
 "depth_2q_only_mean": 1925.0,
 "depth_2q_only_max": 1925,
 "rzz_angle_abs_mean_rad": 1.5672879307201288,
 "rzz_angle_abs_median_rad": 1.5707963267948966,
 "rzz_angle_abs_max_rad": 1.5707963267948966,
 "rzz_angle_over_pi_over_2_mean": 0.9977664856895061,
 "hqc_per_shot": 4.9666,
 "n_circuits": 44
}
quantinuum_helios_1                n2q= 2158 f_gate=1.642e-01 f_mem(mid)=1.117e-01 eps2(0.1)=0.0010195871030713732 shots=127700 hqc=634299.82
quantinuum_h2_2                    n2q= 2158 f_gate=1.502e-01 f_mem(mid)=1.398e-01 eps2(0.1)=0.001018198220338551 shots=102100 hqc=507144.86
quantinuum_h2_1                    n2q= 2158 f_gate=8.602e-02 f_mem(mid)=7.641e-02 eps2(0.1)=0.001030315725162101 shots=186700 hqc=927359.22
quantinuum_h1_1                    n2q= 2158 f_gate=1.113e-01 f_mem(mid)=9.771e-02 eps2(0.1)=0.0010196732999721014 shots=146000 hqc=725198.6
ionq_forte_spec                    n2q= 2158 f_gate=8.608e-05 f_mem(mid)=nan eps2(0.1)=0.0007372967324049684 shots=165629100 hqc=822696303.06
ionq_tempo_target                  n2q= 2158 f_gate=7.695e-02 f_mem(mid)=nan eps2(0.1)=0.0008786772171986978 shots=185400 hqc=920902.6399999999
aqt_ibex_q1                        n2q= 2158 f_gate=1.973e-13 f_mem(mid)=nan eps2(0.1)=0.0005958820970052292 shots=not computable (f < 1e-6) hqc=None
quera_gemini                       n2q= 3884 f_gate=1.277e-08 f_mem(mid)=nan eps2(0.1)=None shots=not computable (f < 1e-6) hqc=None
infleqtion_sqale                   n2q= 3884 f_gate=1.351e-05 f_mem(mid)=nan eps2(0.1)=0.0004097186140689102 shots=1055133400 hqc=5240953114.44
google_willow_rcs_config           n2q= 3884 f_gate=1.293e-03 f_mem(mid)=nan eps2(0.1)=0.00028146289330710506 shots=11025100 hqc=54762776.66
google_willow_qec_config           n2q= 3884 f_gate=7.929e-07 f_mem(mid)=nan eps2(0.1)=0.00028146289330710506 shots=not computable (f < 1e-6) hqc=None
ibm_kingston_best_edge             n2q= 5462 f_gate=4.579e-03 f_mem(mid)=nan eps2(0.1)=0.0002521382450363374 shots=3113700 hqc=15466062.42
ibm_heron_r3_nighthawk_class       n2q= 5462 f_gate=3.109e-06 f_mem(mid)=nan eps2(0.1)=0.0002521382450363374 shots=4585719700 hqc=22777728322.019997
rigetti_cepheus_1_36q              n2q= 3884 f_gate=1.495e-10 f_mem(mid)=nan eps2(0.1)=None shots=not computable (f < 1e-6) hqc=None
iqm_emerald                        n2q= 3884 f_gate=3.740e-10 f_mem(mid)=nan eps2(0.1)=1.660282877302688e-05 shots=not computable (f < 1e-6) hqc=None
wrote /home/digimonk/Projects/su2qc-skqd-v0.1.0/scratch/planner/quantinuum_2x3_prototype_20261002.json 285.8s
