[22:57:53] assign: 264 assignments on 6 workers
[23:00:28]   assign 20/264
[23:02:29]   assign 40/264
[23:04:34]   assign 60/264
[23:05:17]   assign 80/264
[23:08:40]   assign 100/264
[23:09:19]   assign 120/264
[23:09:54]   assign 140/264
[23:12:15]   assign 160/264
[23:15:51]   assign 180/264
[23:20:19]   assign 200/264
[23:22:23]   assign 220/264
[23:22:57]   assign 240/264
[23:23:29]   assign 260/264
[23:23:34]   assign 264/264
[23:23:55] assign step current: 2144 CZ
[23:24:19] assign step best: 2286 CZ

real	26m44.035s
user	92m19.828s
sys	0m39.034s
