[13:28:41] equiv 2x2 current: n 12, round trip 82/82, distinct 82, a [0.00927734375, 0.0048828125]
[13:28:41] equiv 2x2 dedup: n 8, round trip 82/82, distinct 82, a [0.1484375, 0.078125]
[13:28:41] equiv 2x2 dedup diag: dev 2.8e-15, leak 5.6e-16, support 8
[13:28:41] equiv 2x2 dedup hop0: dev 7.3e-16, leak 4.0e-15, support 6
[13:28:42] equiv 2x2 dedup hop1: dev 6.4e-16, leak 3.9e-15, support 5
[13:28:42] equiv 2x2 dedup hop2: dev 8.0e-16, leak 4.0e-15, support 6
[13:28:42] equiv 2x2 dedup hop3: dev 6.3e-16, leak 3.9e-15, support 5
[13:28:42] equiv 2x2 dedup plaq0: dev 2.2e-16, leak 1.2e-15, support 8
[13:28:44] equiv 2x2 dedup circuits: {'n': 28, 'max_deviation': 1.0111718467972723e-14, 'max_leakage': 2.3092638912203256e-14}
[13:29:02] equiv 2x3 current: n 20, round trip 1727/1727, distinct 1727, a [0.0006456375122070312, 0.0004062652587890625]
[13:29:02] equiv 2x3 dedup: n 13, round trip 1727/1727, distinct 1727, a [0.0826416015625, 0.052001953125]
[13:29:03] equiv 2x3 dedup diag: dev 1.1e-15, leak 8.9e-16, support 13
[13:29:05] equiv 2x3 dedup hop0: dev 5.1e-16, leak 1.0e-14, support 7
[13:29:06] equiv 2x3 dedup hop1: dev 2.3e-16, leak 6.0e-15, support 5
[13:29:08] equiv 2x3 dedup hop2: dev 4.9e-16, leak 1.1e-14, support 8
[13:29:09] equiv 2x3 dedup hop3: dev 5.3e-16, leak 1.1e-14, support 8
[13:29:12] equiv 2x3 dedup hop4: dev 6.4e-16, leak 1.5e-14, support 7
[13:29:13] equiv 2x3 dedup hop5: dev 4.0e-16, leak 7.3e-15, support 7
[13:29:14] equiv 2x3 dedup hop6: dev 2.4e-16, leak 5.9e-15, support 5
[13:29:16] equiv 2x3 dedup plaq0: dev 2.8e-16, leak 1.0e-15, support 10
[13:29:22] equiv 2x3 dedup plaq1: dev 8.4e-16, leak 1.0e-14, support 10
[13:37:44] equiv 2x3 dedup circuits: {'n': 44, 'max_deviation': 3.2251214503102104e-14, 'max_leakage': 6.783462680459706e-14}
[13:37:44] equiv written (544 s)
