[21:18:23] kingston current B0_ref117_k1: kept
[21:20:53]     L3|7: cz 4729, |dpsi| 6.2e-06, leak 4.7e-13 -> NOT exact
[21:21:20]     L3|1: cz 4777, |dpsi| 5.4e-06, leak 5.0e-09 -> NOT exact
[21:21:32]     L3|6: cz 4796, |dpsi| 9.8e-06, leak 1.1e-09 -> NOT exact
[21:21:54]     L3|2: cz 4816, |dpsi| 6.2e-06, leak 1.2e-09 -> NOT exact
[21:22:12]     L3|3: cz 4843, |dpsi| 6.2e-06, leak 4.7e-13 -> NOT exact
[21:22:28]     L3|4: cz 4873, |dpsi| 2.7e-06, leak 1.2e-09 -> NOT exact
[21:22:42]     L3|5: cz 4930, |dpsi| 8.6e-06, leak 9.3e-13 -> NOT exact
[21:22:56]     L3|0: cz 5091, |dpsi| 2.5e-12, leak -2.4e-14 -> exact
[21:23:11] [enc_dedup] 2x3 B0_ref117_k1: L3|0 cz 5091 (plain L3 fewest 4729), 1q 10268, active 13, ceiling 1.110e-02, f_gates_layout 1.365e-04, bound 3.927e-03, T 387.8 us, f_idle echo 1.900e-10 / 0.174 2.472e-24 (287 s)

real	5m18.579s
user	5m17.198s
sys	0m2.963s
[21:23:33] kingston current B1_ref29_k1: kept
[21:25:45]     L3|7: cz 4729, |dpsi| 3.3e-06, leak 2.8e-09 -> NOT exact
[21:26:04]     L3|1: cz 4777, |dpsi| 3.1e-06, leak 9.3e-09 -> NOT exact
[21:26:22]     L3|6: cz 4796, |dpsi| 3.3e-05, leak 5.0e-13 -> NOT exact
[21:26:35]     L3|2: cz 4816, |dpsi| 3.3e-06, leak 1.1e-08 -> NOT exact
[21:26:41]     L3|3: cz 4843, |dpsi| 3.3e-06, leak 2.8e-09 -> NOT exact
[21:26:47]     L3|4: cz 4873, |dpsi| 3.3e-05, leak 1.1e-08 -> NOT exact
[21:26:55]     L3|5: cz 4930, |dpsi| 4.0e-12, leak -4.7e-15 -> exact
[21:27:00] [enc_dedup] 2x3 B1_ref29_k1: L3|5 cz 4930 (plain L3 fewest 4729), 1q 10105, active 13, ceiling 1.280e-02, f_gates_layout 1.794e-04, bound 4.601e-03, T 379.7 us, f_idle echo 2.802e-10 / 0.174 2.453e-23 (206 s)

real	3m46.576s
user	3m22.972s
sys	0m2.684s
