[13:56:33] native: 44 circuits on 6 workers
[13:58:56]   native dedup B0_ref25_k2: ZZ 1996, PhasedX 2846, dpsi 5.9e-14, leak 2.9e-14 (142 s) [1/44]
[13:59:03]   native dedup B0_ref795_k1: ZZ 1996, PhasedX 2856, dpsi 8.6e-14, leak 7.0e-15 (150 s) [2/44]
[13:59:05]   native dedup B0_ref25_k3: ZZ 1996, PhasedX 2859, dpsi 1.7e-13, leak 3.0e-14 (151 s) [3/44]
[13:59:16]   native dedup B0_ref25_k4: ZZ 1996, PhasedX 2866, dpsi 8.8e-14, leak 4.7e-14 (163 s) [4/44]
[13:59:21]   native dedup B0_ref795_k2: ZZ 1996, PhasedX 2844, dpsi 7.5e-14, leak 2.6e-14 (168 s) [5/44]
[13:59:22]   native dedup B0_ref25_k1: ZZ 1996, PhasedX 2858, dpsi 8.8e-14, leak 2.6e-14 (169 s) [6/44]
[14:02:46]   native dedup B0_ref795_k3: ZZ 1996, PhasedX 2857, dpsi 5.7e-14, leak 2.3e-14 (230 s) [7/44]
[14:03:06]   native dedup B0_ref795_k4: ZZ 1996, PhasedX 2864, dpsi 7.1e-14, leak 4.2e-14 (242 s) [8/44]
[14:03:10]   native dedup B0_ref525_k4: ZZ 1996, PhasedX 2863, dpsi 8.7e-14, leak 4.5e-14 (227 s) [9/44]
[14:03:13]   native dedup B0_ref525_k3: ZZ 1996, PhasedX 2860, dpsi 1.7e-13, leak 2.9e-14 (231 s) [10/44]
[14:03:17]   native dedup B0_ref525_k1: ZZ 1996, PhasedX 2858, dpsi 8.7e-14, leak 1.6e-14 (251 s) [11/44]
[14:03:24]   native dedup B0_ref525_k2: ZZ 1996, PhasedX 2845, dpsi 6.1e-14, leak 2.7e-14 (248 s) [12/44]
[14:05:52]   native dedup B0_ref333_k1: ZZ 1996, PhasedX 2858, dpsi 8.2e-14, leak 2.7e-14 (186 s) [13/44]
[14:06:22]   native dedup B0_ref333_k4: ZZ 1996, PhasedX 2863, dpsi 8.2e-14, leak 4.5e-14 (189 s) [14/44]
[14:07:16]   native dedup B0_ref333_k3: ZZ 1996, PhasedX 2856, dpsi 1.8e-13, leak 1.2e-14 (246 s) [15/44]
[14:07:21]   native dedup B0_ref333_k2: ZZ 1996, PhasedX 2849, dpsi 7.3e-14, leak 2.7e-14 (254 s) [16/44]
[14:07:25]   native dedup B0_ref169_k1: ZZ 1996, PhasedX 2857, dpsi 8.4e-14, leak 3.1e-14 (248 s) [17/44]
[14:07:29]   native dedup B0_ref169_k2: ZZ 1996, PhasedX 2847, dpsi 8.0e-14, leak 5.4e-14 (244 s) [18/44]
[14:09:18]   native dedup B0_ref169_k3: ZZ 1996, PhasedX 2859, dpsi 7.5e-14, leak 3.2e-14 (206 s) [19/44]
[14:10:00]   native dedup B0_ref169_k4: ZZ 1996, PhasedX 2866, dpsi 6.6e-14, leak 5.5e-14 (218 s) [20/44]
[14:10:57]   native dedup B0_ref117_k1: ZZ 1996, PhasedX 2854, dpsi 8.3e-14, leak 4.6e-14 (220 s) [21/44]
[14:10:57]   native dedup B0_ref117_k2: ZZ 1996, PhasedX 2846, dpsi 7.8e-14, leak 3.4e-14 (216 s) [22/44]
[14:11:11]   native dedup B0_ref117_k4: ZZ 1996, PhasedX 2866, dpsi 7.2e-14, leak 4.6e-14 (222 s) [23/44]
[14:11:11]   native dedup B0_ref117_k3: ZZ 1996, PhasedX 2857, dpsi 7.6e-14, leak 7.1e-15 (227 s) [24/44]
[14:12:22]   native dedup B0_ref86_k1: ZZ 1996, PhasedX 2860, dpsi 8.3e-14, leak 2.6e-14 (184 s) [25/44]
[14:13:01]   native dedup B0_ref86_k2: ZZ 1996, PhasedX 2848, dpsi 7.5e-14, leak 2.6e-14 (181 s) [26/44]
[14:13:56]   native dedup B0_ref86_k4: ZZ 1996, PhasedX 2866, dpsi 8.6e-14, leak 5.0e-14 (179 s) [27/44]
[14:14:12]   native dedup B0_ref86_k3: ZZ 1996, PhasedX 2859, dpsi 1.7e-13, leak 2.5e-14 (195 s) [28/44]
[14:14:21]   native dedup B0_ref70_k2: ZZ 1996, PhasedX 2846, dpsi 5.7e-14, leak 2.2e-14 (190 s) [29/44]
[14:14:25]   native dedup B0_ref70_k1: ZZ 1996, PhasedX 2858, dpsi 8.8e-14, leak 2.6e-14 (193 s) [30/44]
[14:15:18]   native dedup B0_ref70_k3: ZZ 1996, PhasedX 2859, dpsi 1.7e-13, leak 2.4e-14 (176 s) [31/44]
[14:15:52]   native dedup B0_ref70_k4: ZZ 1996, PhasedX 2868, dpsi 7.8e-14, leak 4.9e-14 (171 s) [32/44]
[14:16:10]   native dedup B1_ref57_k2: ZZ 1996, PhasedX 2793, dpsi 6.4e-14, leak 8.1e-14 (118 s) [33/44]
[14:16:10]   native dedup B1_ref57_k1: ZZ 1996, PhasedX 2777, dpsi 9.6e-14, leak 2.7e-14 (134 s) [34/44]
[14:16:16]   native dedup B1_ref57_k4: ZZ 1996, PhasedX 2825, dpsi 3.6e-14, leak 5.9e-14 (111 s) [35/44]
[14:16:23]   native dedup B1_ref57_k3: ZZ 1996, PhasedX 2796, dpsi 4.7e-14, leak 7.1e-14 (122 s) [36/44]
[14:16:47]   native dedup B1_ref29_k1: ZZ 1996, PhasedX 2778, dpsi 1.0e-13, leak 3.3e-14 (88 s) [37/44]
[14:17:20]   native dedup B1_ref29_k2: ZZ 1996, PhasedX 2794, dpsi 7.7e-14, leak 9.5e-14 (88 s) [38/44]
[14:17:34]   native dedup B1_ref29_k4: ZZ 1996, PhasedX 2826, dpsi 4.4e-14, leak 4.8e-14 (84 s) [39/44]
[14:17:38]   native dedup B1_ref29_k3: ZZ 1996, PhasedX 2797, dpsi 5.9e-14, leak 6.8e-14 (88 s) [40/44]
[14:17:42]   native dedup B1_ref27_k1: ZZ 1996, PhasedX 2778, dpsi 1.2e-13, leak 1.4e-14 (86 s) [41/44]
[14:17:47]   native dedup B1_ref27_k2: ZZ 1996, PhasedX 2794, dpsi 5.9e-14, leak 9.1e-14 (84 s) [42/44]
[14:18:01]   native dedup B1_ref27_k3: ZZ 1996, PhasedX 2797, dpsi 4.7e-14, leak 7.7e-14 (74 s) [43/44]
[14:18:27]   native dedup B1_ref27_k4: ZZ 1996, PhasedX 2826, dpsi 2.8e-14, leak 5.9e-14 (67 s) [44/44]

real	22m47.247s
user	140m6.690s
sys	0m55.826s
