chunk 1: 26 current circuits left 22:08:41
[22:08:46] native: 6 circuits on 6 workers
[22:18:00]   native current B0_ref333_k2: ZZ 2158, PhasedX 2868, dpsi 8.7e-14, leak 7.9e-14 (553 s) [1/6]
[22:18:03]   native current B0_ref795_k2: ZZ 2158, PhasedX 2865, dpsi 4.0e-14, leak 4.3e-14 (556 s) [2/6]
[22:18:19]   native current B0_ref795_k4: ZZ 2158, PhasedX 3006, dpsi 5.2e-14, leak 1.1e-13 (572 s) [3/6]
[22:18:23]   native current B0_ref525_k4: ZZ 2158, PhasedX 3006, dpsi 4.9e-14, leak 1.1e-13 (576 s) [4/6]
[22:18:25]   native current B0_ref333_k4: ZZ 2158, PhasedX 3009, dpsi 4.1e-14, leak 1.2e-13 (578 s) [5/6]
[22:19:04]   native current B0_ref25_k4: ZZ 2158, PhasedX 3006, dpsi 4.3e-14, leak 1.1e-13 (616 s) [6/6]
chunk 1 rc 0 wall 625 s
chunk 2: 20 current circuits left 22:19:06
[22:19:17] native: 6 circuits on 6 workers
[22:29:42]   native current B0_ref86_k2: ZZ 2158, PhasedX 2868, dpsi 8.9e-14, leak 8.4e-14 (623 s) [1/6]
[22:29:56]   native current B0_ref117_k2: ZZ 2158, PhasedX 2867, dpsi 4.9e-14, leak 4.3e-14 (637 s) [2/6]
[22:32:00]   native current B0_ref117_k4: ZZ 2158, PhasedX 3008, dpsi 5.5e-14, leak 1.1e-13 (762 s) [3/6]
[22:32:15]   native current B0_ref169_k4: ZZ 2158, PhasedX 3005, dpsi 5.8e-14, leak 1.2e-13 (777 s) [4/6]
[22:32:16]   native current B0_ref117_k1: ZZ 2158, PhasedX 3032, dpsi 8.2e-14, leak 1.0e-14 (778 s) [5/6]
[22:32:17]   native current B0_ref86_k1: ZZ 2158, PhasedX 3034, dpsi 5.0e-14, leak 7.3e-14 (780 s) [6/6]
chunk 2 rc 0 wall 791 s
chunk 3: 14 current circuits left 22:32:18
[22:32:20] native: 6 circuits on 6 workers
[22:38:43]   native current B0_ref70_k2: ZZ 2158, PhasedX 2869, dpsi 9.1e-14, leak 8.3e-14 (382 s) [1/6]
[22:38:46]   native current B0_ref70_k4: ZZ 2158, PhasedX 3007, dpsi 4.2e-14, leak 1.2e-13 (385 s) [2/6]
[22:38:48]   native current B1_ref57_k1: ZZ 2158, PhasedX 2960, dpsi 5.3e-14, leak 3.1e-14 (387 s) [3/6]
[22:38:49]   native current B0_ref70_k1: ZZ 2158, PhasedX 3032, dpsi 5.0e-14, leak 7.0e-14 (389 s) [4/6]
[22:38:55]   native current B1_ref57_k2: ZZ 2158, PhasedX 3050, dpsi 3.8e-14, leak 9.8e-14 (394 s) [5/6]
[22:38:55]   native current B0_ref86_k4: ZZ 2158, PhasedX 3011, dpsi 5.2e-14, leak 1.1e-13 (394 s) [6/6]
chunk 3 rc 0 wall 397 s
chunk 4: 8 current circuits left 22:38:55
[22:38:58] native: 6 circuits on 6 workers
[22:44:36]   native current B1_ref29_k1: ZZ 2158, PhasedX 2961, dpsi 2.4e-14, leak 1.4e-14 (338 s) [1/6]
[22:44:41]   native current B1_ref27_k1: ZZ 2158, PhasedX 2962, dpsi 3.4e-14, leak 3.1e-14 (343 s) [2/6]
[22:44:42]   native current B1_ref27_k2: ZZ 2158, PhasedX 3052, dpsi 3.7e-14, leak 9.0e-14 (344 s) [3/6]
[22:44:48]   native current B1_ref29_k4: ZZ 2158, PhasedX 3068, dpsi 4.2e-14, leak 4.4e-15 (349 s) [4/6]
[22:44:48]   native current B1_ref29_k2: ZZ 2158, PhasedX 3051, dpsi 4.8e-14, leak 1.1e-13 (350 s) [5/6]
[22:44:49]   native current B1_ref57_k4: ZZ 2158, PhasedX 3067, dpsi 4.2e-14, leak 3.0e-14 (350 s) [6/6]
chunk 4 rc 0 wall 354 s
chunk 5: 2 current circuits left 22:44:49
[22:44:52] native: 2 circuits on 6 workers
[22:56:35]   native current B1_ref27_k3: ZZ 2158, PhasedX 2991, dpsi 3.8e-14, leak 7.7e-14 (703 s) [1/2]
[22:57:04]   native current B1_ref27_k4: ZZ 2158, PhasedX 3068, dpsi 3.4e-14, leak 2.1e-14 (731 s) [2/2]
chunk 5 rc 0 wall 736 s
chunk 6: 0 current circuits left 22:57:05
LOOPDONE
